Running with param=0
Running with param=0.05
Running with param=0.1
Running with param=0.15
Running with param=0.2
Running with param=0.25
Running with param=0.3
Running with param=0.35
Running with param=0.4
/Users/osamahsufyan/Documents/hhg_topo/pump_probe/topo_pump_probe/neu_amplitudes/current_A0.py:490: NumbaPerformanceWarning: [1m[1m[1m'@' is faster on contiguous arrays, called on (Array(complex128, 2, 'C', False, aligned=True), Array(complex128, 1, 'A', False, aligned=True))[0m[0m[0m
  k1 = dt * f(t, y, time_steps, Ht)
/Users/osamahsufyan/Documents/hhg_topo/pump_probe/topo_pump_probe/neu_amplitudes/current_A0.py:490: NumbaPerformanceWarning: [1m[1m[1m'@' is faster on contiguous arrays, called on (Array(complex128, 2, 'C', False, aligned=True), Array(complex128, 1, 'A', False, aligned=True))[0m[0m[0m
  k1 = dt * f(t, y, time_steps, Ht)
/Users/osamahsufyan/Documents/hhg_topo/pump_probe/topo_pump_probe/neu_amplitudes/current_A0.py:490: NumbaPerformanceWarning: [1m[1m[1m'@' is faster on contiguous arrays, called on (Array(complex128, 2, 'C', False, aligned=True), Array(complex128, 1, 'A', False, aligned=True))[0m[0m[0m
  k1 = dt * f(t, y, time_steps, Ht)
/Users/osamahsufyan/Documents/hhg_topo/pump_probe/topo_pump_probe/neu_amplitudes/current_A0.py:490: NumbaPerformanceWarning: [1m[1m[1m'@' is faster on contiguous arrays, called on (Array(complex128, 2, 'C', False, aligned=True), Array(complex128, 1, 'A', False, aligned=True))[0m[0m[0m
  k1 = dt * f(t, y, time_steps, Ht)
/Users/osamahsufyan/Documents/hhg_topo/pump_probe/topo_pump_probe/neu_amplitudes/current_A0.py:490: NumbaPerformanceWarning: [1m[1m[1m'@' is faster on contiguous arrays, called on (Array(complex128, 2, 'C', False, aligned=True), Array(complex128, 1, 'A', False, aligned=True))[0m[0m[0m
  k1 = dt * f(t, y, time_steps, Ht)
/Users/osamahsufyan/Documents/hhg_topo/pump_probe/topo_pump_probe/neu_amplitudes/current_A0.py:490: NumbaPerformanceWarning: [1m[1m[1m'@' is faster on contiguous arrays, called on (Array(complex128, 2, 'C', False, aligned=True), Array(complex128, 1, 'A', False, aligned=True))[0m[0m[0m
  k1 = dt * f(t, y, time_steps, Ht)
/Users/osamahsufyan/Documents/hhg_topo/pump_probe/topo_pump_probe/neu_amplitudes/current_A0.py:490: NumbaPerformanceWarning: [1m[1m[1m'@' is faster on contiguous arrays, called on (Array(complex128, 2, 'C', False, aligned=True), Array(complex128, 1, 'A', False, aligned=True))[0m[0m[0m
  k1 = dt * f(t, y, time_steps, Ht)
/Users/osamahsufyan/Documents/hhg_topo/pump_probe/topo_pump_probe/neu_amplitudes/current_A0.py:490: NumbaPerformanceWarning: [1m[1m[1m'@' is faster on contiguous arrays, called on (Array(complex128, 2, 'C', False, aligned=True), Array(complex128, 1, 'A', False, aligned=True))[0m[0m[0m
  k1 = dt * f(t, y, time_steps, Ht)
/Users/osamahsufyan/Documents/hhg_topo/pump_probe/topo_pump_probe/neu_amplitudes/current_A0.py:490: NumbaPerformanceWarning: [1m[1m[1m'@' is faster on contiguous arrays, called on (Array(complex128, 2, 'C', False, aligned=True), Array(complex128, 1, 'A', False, aligned=True))[0m[0m[0m
  k1 = dt * f(t, y, time_steps, Ht)
Angular frequency: 0.057 a.u. -> Wavelength: 0.80 µm
intensity: 0.25 a.u. -> intensity: 7.127 10^9 W/cm^2
Angular frequency: 0.057 a.u. -> Wavelength: 0.80 µm
intensity: 0.35 a.u. -> intensity: 13.970 10^9 W/cm^2
Angular frequency: 0.057 a.u. -> Wavelength: 0.80 µm
intensity: 0.2 a.u. -> intensity: 4.562 10^9 W/cm^2
Angular frequency: 0.057 a.u. -> Wavelength: 0.80 µm
intensity: 0.0 a.u. -> intensity: 0.000 10^9 W/cm^2
Angular frequency: 0.057 a.u. -> Wavelength: 0.80 µm
intensity: 0.05 a.u. -> intensity: 0.285 10^9 W/cm^2
Angular frequency: 0.057 a.u. -> Wavelength: 0.80 µm
intensity: 0.15 a.u. -> intensity: 2.566 10^9 W/cm^2
Angular frequency: 0.057 a.u. -> Wavelength: 0.80 µm
intensity: 0.3 a.u. -> intensity: 10.264 10^9 W/cm^2
Angular frequency: 0.057 a.u. -> Wavelength: 0.80 µm
intensity: 0.1 a.u. -> intensity: 1.140 10^9 W/cm^2
Angular frequency: 0.057 a.u. -> Wavelength: 0.80 µm
intensity: 0.4 a.u. -> intensity: 18.246 10^9 W/cm^2
